Archive member included to satisfy reference by file (symbol)

/home/b42267/yocto/yocto_bsp/fsl-release-bsp-4.2/build-fb/tmp/sysroots/imx6ulevk/usr/lib/arm-poky-linux-gnueabi/5.3.0/libgcc.a(_udivsi3.o)
                              arch/arm/cpu/armv7/built-in.o (__aeabi_uidiv)
/home/b42267/yocto/yocto_bsp/fsl-release-bsp-4.2/build-fb/tmp/sysroots/imx6ulevk/usr/lib/arm-poky-linux-gnueabi/5.3.0/libgcc.a(_divsi3.o)
                              cmd/built-in.o (__aeabi_idiv)
/home/b42267/yocto/yocto_bsp/fsl-release-bsp-4.2/build-fb/tmp/sysroots/imx6ulevk/usr/lib/arm-poky-linux-gnueabi/5.3.0/libgcc.a(_lshrdi3.o)
                              fs/built-in.o (__aeabi_llsr)
/home/b42267/yocto/yocto_bsp/fsl-release-bsp-4.2/build-fb/tmp/sysroots/imx6ulevk/usr/lib/arm-poky-linux-gnueabi/5.3.0/libgcc.a(_ashldi3.o)
                              drivers/mmc/built-in.o (__aeabi_llsl)
/home/b42267/yocto/yocto_bsp/fsl-release-bsp-4.2/build-fb/tmp/sysroots/imx6ulevk/usr/lib/arm-poky-linux-gnueabi/5.3.0/libgcc.a(_dvmd_lnx.o)
                              /home/b42267/yocto/yocto_bsp/fsl-release-bsp-4.2/build-fb/tmp/sysroots/imx6ulevk/usr/lib/arm-poky-linux-gnueabi/5.3.0/libgcc.a(_udivsi3.o) (__aeabi_idiv0)

Discarded input sections

 .data          0x0000000000000000        0x0 arch/arm/cpu/armv7/start.o
 .bss           0x0000000000000000        0x0 arch/arm/cpu/armv7/start.o
 .text.v7_arch_cp15_set_l2aux_ctrl
                0x0000000000000000        0x8 arch/arm/cpu/armv7/built-in.o
 .text.v7_arch_cp15_set_acr
                0x0000000000000000        0x8 arch/arm/cpu/armv7/built-in.o
 .text.sdelay   0x0000000000000000        0xc arch/arm/cpu/armv7/built-in.o
 .text.wait_on_value
                0x0000000000000000       0x34 arch/arm/cpu/armv7/built-in.o
 .text.get_nr_cpus
                0x0000000000000000       0x10 arch/arm/cpu/armv7/built-in.o
 .text.board_mmc_get_env_dev
                0x0000000000000000        0x8 arch/arm/cpu/armv7/built-in.o
 .text.get_boot_device
                0x0000000000000000       0x9c arch/arm/cpu/armv7/built-in.o
 .text.enable_uart_clk
                0x0000000000000000       0x54 arch/arm/cpu/armv7/built-in.o
 .text.enable_usdhc_clk
                0x0000000000000000       0x4c arch/arm/cpu/armv7/built-in.o
 .text.enable_spi_clk
                0x0000000000000000       0x44 arch/arm/cpu/armv7/built-in.o
 .text.enable_lvds_bridge
                0x0000000000000000      0x15c arch/arm/cpu/armv7/built-in.o
 .text.enable_ipu_clock
                0x0000000000000000       0x90 arch/arm/cpu/armv7/built-in.o
 .text.mx6_ecspi_fused
                0x0000000000000000       0x64 arch/arm/cpu/armv7/built-in.o
 .text.mx6_uart_fused
                0x0000000000000000       0xd4 arch/arm/cpu/armv7/built-in.o
 .data          0x0000000000000000        0x0 arch/arm/cpu/armv7/built-in.o
 .bss           0x0000000000000000        0x0 arch/arm/cpu/armv7/built-in.o
 .text          0x0000000000000000        0x0 arch/arm/imx-common/built-in.o
 .text.imx_iomux_set_gpr_register
                0x0000000000000000       0x3c arch/arm/imx-common/built-in.o
 .text.get_imx_reset_cause
                0x0000000000000000       0x10 arch/arm/imx-common/built-in.o
 .text.set_chipselect_size
                0x0000000000000000       0x84 arch/arm/imx-common/built-in.o
 .text.usec2ticks
                0x0000000000000000       0x60 arch/arm/imx-common/built-in.o
 .data          0x0000000000000000        0x0 arch/arm/imx-common/built-in.o
 .bss           0x0000000000000000        0x0 arch/arm/imx-common/built-in.o
 .text.reset_misc
                0x0000000000000000        0x4 arch/arm/lib/built-in.o
 .text.enable_caches
                0x0000000000000000        0xc arch/arm/lib/built-in.o
 .text.invalidate_dcache_range
                0x0000000000000000        0x4 arch/arm/lib/built-in.o
 .text.flush_dcache_range
                0x0000000000000000        0x4 arch/arm/lib/built-in.o
 .text.flush_dcache_all
                0x0000000000000000        0xc arch/arm/lib/built-in.o
 .text.arm_init_before_mmu
                0x0000000000000000        0x4 arch/arm/lib/built-in.o
 .text.mmu_page_table_flush
                0x0000000000000000        0x4 arch/arm/lib/built-in.o
 .data          0x0000000000000000        0x0 arch/arm/lib/built-in.o
 .__secure_start
                0x0000000000000000        0x0 arch/arm/lib/built-in.o
 .__secure_end  0x0000000000000000        0x0 arch/arm/lib/built-in.o
 .bss           0x0000000000000000        0x0 arch/arm/lib/built-in.o
 .text          0x0000000000000000        0x0 board/freescale/common/built-in.o
 .text.mmc_map_to_kernel_blk
                0x0000000000000000        0x4 board/freescale/common/built-in.o
 .data          0x0000000000000000        0x0 board/freescale/common/built-in.o
 .bss           0x0000000000000000        0x0 board/freescale/common/built-in.o
 .text          0x0000000000000000        0x0 board/freescale/mx6ul_14x14_evk/built-in.o
 .text.iox74lv_set
[...]
Memory Configuration

Name             Origin             Length             Attributes
*default*        0x0000000000000000 0xffffffffffffffff

Linker script and memory map

Address of section .text set to 0x87800000
                0x0000000000000000                . = 0x0
                0x0000000000000000                . = ALIGN (0x4)

.text           0x0000000087800000    0x3ce30
 *(.__image_copy_start)
 .__image_copy_start
                0x0000000087800000        0x0 arch/arm/lib/built-in.o
                0x0000000087800000                __image_copy_start
 *(.vectors)
 .vectors       0x0000000087800000      0x2e8 arch/arm/lib/built-in.o
                0x0000000087800000                _start
                0x0000000087800020                _undefined_instruction
                0x0000000087800024                _software_interrupt
                0x0000000087800028                _prefetch_abort
                0x000000008780002c                _data_abort
                0x0000000087800030                _not_used
                0x0000000087800034                _irq
                0x0000000087800038                _fiq
                0x0000000087800040                IRQ_STACK_START_IN
 arch/arm/cpu/armv7/start.o(.text*)
 .text          0x00000000878002e8       0xb0 arch/arm/cpu/armv7/start.o
                0x00000000878002e8                reset
                0x00000000878002ec                save_boot_params_ret
                0x0000000087800328                c_runtime_cpu_setup
                0x0000000087800338                save_boot_params
                0x000000008780033c                cpu_init_cp15
                0x0000000087800390                cpu_init_crit
 *(.text*)
 .text          0x0000000087800398       0x24 arch/arm/cpu/armv7/built-in.o
                0x0000000087800398                lowlevel_init
 .text.v7_maint_dcache_all
                0x00000000878003bc       0xd0 arch/arm/cpu/armv7/built-in.o
 .text.invalidate_icache_all
                0x000000008780048c       0x18 arch/arm/cpu/armv7/built-in.o
                0x000000008780048c                invalidate_icache_all
 .text.v7_outer_cache_enable
                0x00000000878004a4        0x4 arch/arm/cpu/armv7/built-in.o
                0x00000000878004a4                v7_outer_cache_enable
 .text.v7_outer_cache_disable
                0x00000000878004a8        0x4 arch/arm/cpu/armv7/built-in.o
                0x00000000878004a8                v7_outer_cache_disable
 .text.v7_outer_cache_flush_all
                0x00000000878004ac        0x4 arch/arm/cpu/armv7/built-in.o
                0x00000000878004ac                v7_outer_cache_flush_all
 .text.flush_dcache_all
                0x00000000878004b0       0x14 arch/arm/cpu/armv7/built-in.o
                0x00000000878004b0                flush_dcache_all
 .text.v7_outer_cache_inval_all
                0x00000000878004c4        0x4 arch/arm/cpu/armv7/built-in.o
                0x00000000878004c4                v7_outer_cache_inval_all
 .text.invalidate_dcache_all
                0x00000000878004c8       0x14 arch/arm/cpu/armv7/built-in.o
                0x00000000878004c8                invalidate_dcache_all
 .text.arm_init_before_mmu
                0x00000000878004dc       0x28 arch/arm/cpu/armv7/built-in.o
                0x00000000878004dc                arm_init_before_mmu
 .text.v7_outer_cache_flush_range
                0x0000000087800504        0x4 arch/arm/cpu/armv7/built-in.o
                0x0000000087800504                v7_outer_cache_flush_range
 .text.flush_dcache_range
                0x0000000087800508       0x38 arch/arm/cpu/armv7/built-in.o
                0x0000000087800508                flush_dcache_range
 .text.mmu_page_table_flush
                0x0000000087800540       0x24 arch/arm/cpu/armv7/built-in.o
                0x0000000087800540                mmu_page_table_flush
 .text.v7_outer_cache_inval_range
                0x0000000087800564        0x4 arch/arm/cpu/armv7/built-in.o
                0x0000000087800564                v7_outer_cache_inval_range
 .text.invalidate_dcache_range
                0x0000000087800568       0xa8 arch/arm/cpu/armv7/built-in.o
                0x0000000087800568                invalidate_dcache_range
 .text.cpu_cache_initialization
                0x0000000087800610        0x4 arch/arm/cpu/armv7/built-in.o
                0x0000000087800610                cpu_cache_initialization
 .text.cleanup_before_linux_select
                0x0000000087800614       0x4c arch/arm/cpu/armv7/built-in.o
                0x0000000087800614                cleanup_before_linux_select
 .text.cleanup_before_linux
                0x0000000087800660        0x8 arch/arm/cpu/armv7/built-in.o
                0x0000000087800660                cleanup_before_linux
 .text.get_cpu_rev
                0x0000000087800668       0x90 arch/arm/cpu/armv7/built-in.o
                0x0000000087800668                get_cpu_rev
 .text.get_cpu_speed_grade_hz
                0x00000000878006f8      0x128 arch/arm/cpu/armv7/built-in.o
                0x00000000878006f8                get_cpu_speed_grade_hz
 .text.get_cpu_temp_grade
                0x0000000087800820       0x68 arch/arm/cpu/armv7/built-in.o
                0x0000000087800820                get_cpu_temp_grade
 .text.get_board_rev
                0x0000000087800888       0x40 arch/arm/cpu/armv7/built-in.o
                0x0000000087800888                get_board_rev
 .text.arch_cpu_init
                0x00000000878008c8      0x328 arch/arm/cpu/armv7/built-in.o
                0x00000000878008c8                arch_cpu_init
 .text.mmc_get_env_dev
                0x0000000087800bf0       0x28 arch/arm/cpu/armv7/built-in.o
                0x0000000087800bf0                mmc_get_env_dev
 .text.board_mmc_get_env_part
                0x0000000087800c18        0x8 arch/arm/cpu/armv7/built-in.o
                0x0000000087800c18                board_mmc_get_env_part
 .text.mmc_get_env_part
                0x0000000087800c20       0x28 arch/arm/cpu/armv7/built-in.o
                0x0000000087800c20                mmc_get_env_part
 .text.board_postclk_init
                0x0000000087800c48       0x58 arch/arm/cpu/armv7/built-in.o
                0x0000000087800c48                board_postclk_init
 .text.imx_get_mac_from_fuse
                0x0000000087800ca0       0xb8 arch/arm/cpu/armv7/built-in.o
                0x0000000087800ca0                imx_get_mac_from_fuse
 .text.set_wdog_reset
                0x0000000087800d58       0x18 arch/arm/cpu/armv7/built-in.o
                0x0000000087800d58                set_wdog_reset
 .text.reset_misc
                0x0000000087800d70        0x4 arch/arm/cpu/armv7/built-in.o
                0x0000000087800d70                reset_misc
 .text.s_init   0x0000000087800d74       0x98 arch/arm/cpu/armv7/built-in.o
                0x0000000087800d74                s_init
 .text.get_ipg_clk
                0x0000000087800e0c       0x28 arch/arm/cpu/armv7/built-in.o
 .text.enable_pll_video.constprop.0
                0x0000000087800e34      0x100 arch/arm/cpu/armv7/built-in.o
 .text.get_uart_clk
                0x0000000087800f34       0xc8 arch/arm/cpu/armv7/built-in.o
 .text.mxc_get_pll_pfd
                0x0000000087800ffc       0xd4 arch/arm/cpu/armv7/built-in.o
 .text.get_usdhc_clk
                0x00000000878010d0       0x8c arch/arm/cpu/armv7/built-in.o
 .text.enable_ocotp_clk
                0x000000008780115c       0x24 arch/arm/cpu/armv7/built-in.o
                0x000000008780115c                enable_ocotp_clk
 .text.enable_usboh3_clk
                0x0000000087801180       0x24 arch/arm/cpu/armv7/built-in.o
                0x0000000087801180                enable_usboh3_clk
 .text.enable_enet_clk
                0x00000000878011a4       0x64 arch/arm/cpu/armv7/built-in.o
                0x00000000878011a4                enable_enet_clk
 .text.enable_i2c_clk
                0x0000000087801208       0xb8 arch/arm/cpu/armv7/built-in.o
                0x0000000087801208                enable_i2c_clk
 .text.get_periph_clk
                0x00000000878012c0       0xdc arch/arm/cpu/armv7/built-in.o
                0x00000000878012c0                get_periph_clk
 .text.get_axi_clk
                0x000000008780139c       0x4c arch/arm/cpu/armv7/built-in.o
 .text.mxs_set_lcdclk
                0x00000000878013e8      0x2c0 arch/arm/cpu/armv7/built-in.o
                0x00000000878013e8                mxs_set_lcdclk
 .text.enable_lcdif_clock
                0x00000000878016a8      0x130 arch/arm/cpu/armv7/built-in.o
                0x00000000878016a8                enable_lcdif_clock
 .text.enable_qspi_clk
                0x00000000878017d8       0x9c arch/arm/cpu/armv7/built-in.o
                0x00000000878017d8                enable_qspi_clk
 .text.enable_fec_anatop_clock
                0x0000000087801874       0xf4 arch/arm/cpu/armv7/built-in.o
                0x0000000087801874                enable_fec_anatop_clock
 .text.imx_get_uartclk
                0x0000000087801968        0x4 arch/arm/cpu/armv7/built-in.o
                0x0000000087801968                imx_get_uartclk
 .text.enable_thermal_clk
                0x000000008780196c       0x48 arch/arm/cpu/armv7/built-in.o
                0x000000008780196c                enable_thermal_clk
 .text.mxc_get_clock
                0x00000000878019b4      0x470 arch/arm/cpu/armv7/built-in.o
                0x00000000878019b4                mxc_get_clock
 .text.imx_get_fecclk
                0x0000000087801e24        0x8 arch/arm/cpu/armv7/built-in.o
                0x0000000087801e24                imx_get_fecclk
 .text.do_mx6_showclocks
                0x0000000087801e2c      0x230 arch/arm/cpu/armv7/built-in.o
                0x0000000087801e2c                do_mx6_showclocks
 .text.check_module_fused
                0x000000008780205c       0x68 arch/arm/cpu/armv7/built-in.o
                0x000000008780205c                check_module_fused
 .text.ft_system_setup
                0x00000000878020c4       0xf4 arch/arm/cpu/armv7/built-in.o
                0x00000000878020c4                ft_system_setup
 .text.mx6_esdhc_fused
                0x00000000878021b8       0x64 arch/arm/cpu/armv7/built-in.o
                0x00000000878021b8                mx6_esdhc_fused
 .text.mx6_usb_fused
                0x000000008780221c       0x14 arch/arm/cpu/armv7/built-in.o
                0x000000008780221c                mx6_usb_fused
 .text.mx6_qspi_fused
                0x0000000087802230        0x8 arch/arm/cpu/armv7/built-in.o
                0x0000000087802230                mx6_qspi_fused
 .text.mx6_i2c_fused
                0x0000000087802238       0x64 arch/arm/cpu/armv7/built-in.o
                0x0000000087802238                mx6_i2c_fused
 .text.mx6_enet_fused
                0x000000008780229c       0x34 arch/arm/cpu/armv7/built-in.o
                0x000000008780229c                mx6_enet_fused
 .text.imx_iomux_v3_setup_pad
                0x00000000878022d0       0xf0 arch/arm/imx-common/built-in.o
                0x00000000878022d0                imx_iomux_v3_setup_pad
 .text.imx_iomux_v3_setup_multiple_pads
                0x00000000878023c0       0x2c arch/arm/imx-common/built-in.o
                0x00000000878023c0                imx_iomux_v3_setup_multiple_pads
 .text.imx_ddr_size
                0x00000000878023ec       0x64 arch/arm/imx-common/built-in.o
                0x00000000878023ec                imx_ddr_size
 .text.get_imx_type
                0x0000000087802450       0x20 arch/arm/imx-common/built-in.o
                0x0000000087802450                get_imx_type
 .text.print_cpuinfo
                0x0000000087802470      0x228 arch/arm/imx-common/built-in.o
                0x0000000087802470                print_cpuinfo
 .text.cpu_eth_init
                0x0000000087802698        0x4 arch/arm/imx-common/built-in.o
                0x0000000087802698                cpu_eth_init
 .text.cpu_mmc_init
                0x000000008780269c        0x4 arch/arm/imx-common/built-in.o
                0x000000008780269c                cpu_mmc_init
 .text.get_ahb_clk
                0x00000000878026a0       0x24 arch/arm/imx-common/built-in.o
                0x00000000878026a0                get_ahb_clk
 .text.arch_preboot_os
                0x00000000878026c4        0x4 arch/arm/imx-common/built-in.o
                0x00000000878026c4                arch_preboot_os
 .text.get_clocks
                0x00000000878026c8       0x1c arch/arm/imx-common/built-in.o
                0x00000000878026c8                get_clocks
 .text.force_idle_bus
                0x00000000878026e4      0x1c4 arch/arm/imx-common/built-in.o
                0x00000000878026e4                force_idle_bus
 .text.setup_i2c
                0x00000000878028a8       0xe4 arch/arm/imx-common/built-in.o
                0x00000000878028a8                setup_i2c
 .text.mxs_wait_mask_set
                0x000000008780298c       0x3c arch/arm/imx-common/built-in.o
                0x000000008780298c                mxs_wait_mask_set
 .text.mxs_wait_mask_clr
                0x00000000878029c8       0x3c arch/arm/imx-common/built-in.o
                0x00000000878029c8                mxs_wait_mask_clr
 .text.mxs_reset_block
                0x0000000087802a04       0x90 arch/arm/imx-common/built-in.o
                0x0000000087802a04                mxs_reset_block
 .text.enable_caches
                0x0000000087802a94       0x34 arch/arm/imx-common/built-in.o
                0x0000000087802a94                enable_caches
 .text.init_aips
                0x0000000087802ac8       0xc0 arch/arm/imx-common/built-in.o
                0x0000000087802ac8                init_aips
 .text.imx_set_wdog_powerdown
                0x0000000087802b88       0xa0 arch/arm/imx-common/built-in.o
                0x0000000087802b88                imx_set_wdog_powerdown
 .text.init_src
                0x0000000087802c28       0x18 arch/arm/imx-common/built-in.o
                0x0000000087802c28                init_src
 .text.boot_mode_apply
                0x0000000087802c40       0x24 arch/arm/imx-common/built-in.o
                0x0000000087802c40                boot_mode_apply
 .text.board_video_skip
                0x0000000087802c64      0x1a0 arch/arm/imx-common/built-in.o
                0x0000000087802c64                board_video_skip
 .text.timer_init
                0x0000000087802e04       0x3c arch/arm/imx-common/built-in.o
                0x0000000087802e04                timer_init
 .text.get_ticks
                0x0000000087802e40       0x18 arch/arm/imx-common/built-in.o
                0x0000000087802e40                get_ticks
 .text.get_timer_masked
                0x0000000087802e58       0x58 arch/arm/imx-common/built-in.o
                0x0000000087802e58                get_timer_masked
 .text.get_timer
                0x0000000087802eb0       0x14 arch/arm/imx-common/built-in.o
                0x0000000087802eb0                get_timer
 *fill*         0x0000000087802ec4        0x4 
 .text.__udelay
                0x0000000087802ec8       0x88 arch/arm/imx-common/built-in.o
                0x0000000087802ec8                __udelay
 .text.get_tbclk
                0x0000000087802f50        0x8 arch/arm/imx-common/built-in.o
                0x0000000087802f50                get_tbclk
 .text.create_usage
                0x0000000087802f58       0xac arch/arm/imx-common/built-in.o
 .text.do_boot_mode
                0x0000000087803004       0xd4 arch/arm/imx-common/built-in.o
 .text.add_board_boot_modes
                0x00000000878030d8       0x60 arch/arm/imx-common/built-in.o
                0x00000000878030d8                add_board_boot_modes
 .text          0x0000000087803138       0x90 arch/arm/lib/built-in.o
                0x0000000087803138                _main
 .text.relocate_vectors
                0x00000000878031c8       0x70 arch/arm/lib/built-in.o
                0x00000000878031c8                relocate_vectors
                0x00000000878031d4                relocate_code
 .text.arch_fixup_fdt
                0x0000000087803238       0x38 arch/arm/lib/built-in.o
                0x0000000087803238                arch_fixup_fdt
 .text.boot_jump_linux
                0x0000000087803270       0xc4 arch/arm/lib/built-in.o
 .text.arch_lmb_reserve
                0x0000000087803334       0x24 arch/arm/lib/built-in.o
                0x0000000087803334                arch_lmb_reserve
 .text.setup_board_tags
                0x0000000087803358        0x4 arch/arm/lib/built-in.o
                0x0000000087803358                setup_board_tags
 .text.boot_prep_linux
                0x000000008780335c      0x1d4 arch/arm/lib/built-in.o
 .text.do_bootm_linux
                0x0000000087803530       0x64 arch/arm/lib/built-in.o
                0x0000000087803530                do_bootm_linux
 .text.bootz_setup
                0x0000000087803594       0x58 arch/arm/lib/built-in.o
                0x0000000087803594                bootz_setup
 .text.boot_prep_vxworks
                0x00000000878035ec       0x50 arch/arm/lib/built-in.o
                0x00000000878035ec                boot_prep_vxworks
 .text.boot_jump_vxworks
                0x000000008780363c        0xc arch/arm/lib/built-in.o
                0x000000008780363c                boot_jump_vxworks
 .text.arch_reserve_stacks
                0x0000000087803648       0x1c arch/arm/lib/built-in.o
                0x0000000087803648                arch_reserve_stacks
 .text.interrupt_init
                0x0000000087803664       0x1c arch/arm/lib/built-in.o
                0x0000000087803664                interrupt_init
 .text.enable_interrupts
                0x0000000087803680        0x4 arch/arm/lib/built-in.o
                0x0000000087803680                enable_interrupts
 .text.disable_interrupts
                0x0000000087803684        0x8 arch/arm/lib/built-in.o
                0x0000000087803684                disable_interrupts
 .text.bad_mode
                0x000000008780368c       0x10 arch/arm/lib/built-in.o
                0x000000008780368c                bad_mode
 .text.show_regs
                0x000000008780369c      0x174 arch/arm/lib/built-in.o
                0x000000008780369c                show_regs
 .text.do_undefined_instruction
                0x0000000087803810       0x20 arch/arm/lib/built-in.o
                0x0000000087803810                do_undefined_instruction
 .text.do_software_interrupt
                0x0000000087803830       0x20 arch/arm/lib/built-in.o
                0x0000000087803830                do_software_interrupt
 .text.do_prefetch_abort
                0x0000000087803850       0x20 arch/arm/lib/built-in.o
                0x0000000087803850                do_prefetch_abort
 .text.do_data_abort
                0x0000000087803870       0x20 arch/arm/lib/built-in.o
                0x0000000087803870                do_data_abort
 .text.do_not_used
                0x0000000087803890       0x20 arch/arm/lib/built-in.o
                0x0000000087803890                do_not_used
 .text.do_fiq   0x00000000878038b0       0x20 arch/arm/lib/built-in.o
                0x00000000878038b0                do_fiq
 .text.do_irq   0x00000000878038d0       0x20 arch/arm/lib/built-in.o
                0x00000000878038d0                do_irq
 .text.do_reset
                0x00000000878038f0       0x30 arch/arm/lib/built-in.o
                0x00000000878038f0                do_reset
 .text.flush_cache
                0x0000000087803920        0x8 arch/arm/lib/built-in.o
                0x0000000087803920                flush_cache
 .text.cp_delay
                0x0000000087803928       0x30 arch/arm/lib/built-in.o
 .text.arm_init_domains
                0x0000000087803958        0x4 arch/arm/lib/built-in.o
                0x0000000087803958                arm_init_domains
 .text.set_section_dcache
                0x000000008780395c       0x14 arch/arm/lib/built-in.o
                0x000000008780395c                set_section_dcache
 .text.mmu_set_region_dcache_behaviour
                0x0000000087803970       0x4c arch/arm/lib/built-in.o
                0x0000000087803970                mmu_set_region_dcache_behaviour
 .text.dram_bank_mmu_setup
                0x00000000878039bc       0x44 arch/arm/lib/built-in.o
                0x00000000878039bc                dram_bank_mmu_setup
 .text.icache_enable
                0x0000000087803a00       0x18 arch/arm/lib/built-in.o
                0x0000000087803a00                icache_enable
 .text.icache_disable
                0x0000000087803a18       0x20 arch/arm/lib/built-in.o
                0x0000000087803a18                icache_disable
 .text.icache_status
                0x0000000087803a38        0xc arch/arm/lib/built-in.o
                0x0000000087803a38                icache_status
 .text.dcache_enable
                0x0000000087803a44       0x7c arch/arm/lib/built-in.o
                0x0000000087803a44                dcache_enable
 .text.dcache_disable
                0x0000000087803ac0       0x2c arch/arm/lib/built-in.o
                0x0000000087803ac0                dcache_disable
 .text.dcache_status
                0x0000000087803aec        0xc arch/arm/lib/built-in.o
                0x0000000087803aec                dcache_status
 .text.board_late_mmc_env_init
                0x0000000087803af8       0x9c board/freescale/common/built-in.o
                0x0000000087803af8                board_late_mmc_env_init
 .text.do_enable_parallel_lcd
                0x0000000087803b94       0x4c board/freescale/mx6ul_14x14_evk/built-in.o
                0x0000000087803b94                do_enable_parallel_lcd
 .text.power_init_board
                0x0000000087803be0        0x8 board/freescale/mx6ul_14x14_evk/built-in.o
                0x0000000087803be0                power_init_board
 .text.dram_init
                0x0000000087803be8       0x18 board/freescale/mx6ul_14x14_evk/built-in.o
                0x0000000087803be8                dram_init
 .text.board_mmc_get_env_dev
                0x0000000087803c00       0x24 board/freescale/mx6ul_14x14_evk/built-in.o
                0x0000000087803c00                board_mmc_get_env_dev
 .text.mmc_map_to_kernel_blk
                0x0000000087803c24       0x24 board/freescale/mx6ul_14x14_evk/built-in.o
                0x0000000087803c24                mmc_map_to_kernel_blk
 .text.board_mmc_getcd
                0x0000000087803c48       0x80 board/freescale/mx6ul_14x14_evk/built-in.o
                0x0000000087803c48                board_mmc_getcd
 .text.board_mmc_init
                0x0000000087803cc8       0xdc board/freescale/mx6ul_14x14_evk/built-in.o
                0x0000000087803cc8                board_mmc_init
 .text.board_usb_phy_mode
                0x0000000087803da4       0x14 board/freescale/mx6ul_14x14_evk/built-in.o
                0x0000000087803da4                board_usb_phy_mode
 .text.board_ehci_hcd_init
                0x0000000087803db8       0x28 board/freescale/mx6ul_14x14_evk/built-in.o
                0x0000000087803db8                board_ehci_hcd_init
 .text.board_eth_init
                0x0000000087803de0       0x34 board/freescale/mx6ul_14x14_evk/built-in.o
                0x0000000087803de0                board_eth_init
 .text.board_phy_config
                0x0000000087803e14       0x4c board/freescale/mx6ul_14x14_evk/built-in.o
                0x0000000087803e14                board_phy_config
 .text.board_early_init_f
                0x0000000087803e60       0x1c board/freescale/mx6ul_14x14_evk/built-in.o
                0x0000000087803e60                board_early_init_f
 .text.board_init
                0x0000000087803e7c      0x1a8 board/freescale/mx6ul_14x14_evk/built-in.o
                0x0000000087803e7c                board_init
 .text.board_late_init
                0x0000000087804024       0x50 board/freescale/mx6ul_14x14_evk/built-in.o
                0x0000000087804024                board_late_init
 .text.checkboard
                0x0000000087804074       0x18 board/freescale/mx6ul_14x14_evk/built-in.o
                0x0000000087804074                checkboard
 .text.do_go_exec
                0x000000008780408c       0x10 cmd/built-in.o
                0x000000008780408c                do_go_exec
 .text.do_go    0x000000008780409c       0x6c cmd/built-in.o
 .text.do_bootm
                0x0000000087804108      0x10c cmd/built-in.o
                0x0000000087804108                do_bootm
 .text.do_bootd
                0x0000000087804214       0x20 cmd/built-in.o
                0x0000000087804214                do_bootd
 .text.image_info
                0x0000000087804234       0xcc cmd/built-in.o
 .text.do_iminfo
                0x0000000087804300       0x5c cmd/built-in.o
 .text.bootm_maybe_autostart
                0x000000008780435c       0x78 cmd/built-in.o
                0x000000008780435c                bootm_maybe_autostart
 .text.do_bootz
                0x00000000878043d4       0xf8 cmd/built-in.o
                0x00000000878043d4                do_bootz
 .text.do_help  0x00000000878044cc       0x44 cmd/built-in.o
 .text.do_version
                0x0000000087804510       0x38 cmd/built-in.o
 .text.source   0x0000000087804548       0xd8 cmd/built-in.o
                0x0000000087804548                source
 .text.do_source
                0x0000000087804620       0x48 cmd/built-in.o
 .text.print_num
                0x0000000087804668       0x14 cmd/built-in.o
 .text.do_bdinfo
                0x000000008780467c      0x190 cmd/built-in.o
 .text.do_bmp   0x000000008780480c       0x58 cmd/built-in.o
 .text.do_bmp_info
                0x0000000087804864      0x10c cmd/built-in.o
 .text.bmp_display
                0x0000000087804970       0x50 cmd/built-in.o
                0x0000000087804970                bmp_display
 .text.do_bmp_display
                0x00000000878049c0       0xbc cmd/built-in.o
 .text.parse_argv
                0x0000000087804a7c       0x64 cmd/built-in.o
 .text.do_icache
                0x0000000087804ae0       0x88 cmd/built-in.o
 .text.do_dcache
                0x0000000087804b68       0x88 cmd/built-in.o
 .text.do_coninfo
                0x0000000087804bf0       0xb0 cmd/built-in.o
 .text.do_echo  0x0000000087804ca0       0xb0 cmd/built-in.o
 .text.load_elf_image_shdr
                0x0000000087804d50       0x8c cmd/built-in.o
 .text.valid_elf_image
                0x0000000087804ddc       0x4c cmd/built-in.o
                0x0000000087804ddc                valid_elf_image
 .text.do_bootelf
                0x0000000087804e28      0x1b0 cmd/built-in.o
                0x0000000087804e28                do_bootelf
 .text.do_bootvx
                0x0000000087804fd8      0x330 cmd/built-in.o
                0x0000000087804fd8                do_bootvx
 .text.do_exit  0x0000000087805308       0x3c cmd/built-in.o
 .text.do_ext4_size
                0x0000000087805344       0x18 cmd/built-in.o
                0x0000000087805344                do_ext4_size
 .text.do_ext4_load
                0x000000008780535c       0x18 cmd/built-in.o
                0x000000008780535c                do_ext4_load
 .text.do_ext4_ls
                0x0000000087805374       0x18 cmd/built-in.o
                0x0000000087805374                do_ext4_ls
 .text.do_ext4_write
                0x000000008780538c       0x18 cmd/built-in.o
                0x000000008780538c                do_ext4_write
 .text.do_ext2load
                0x00000000878053a4       0x18 cmd/built-in.o
                0x00000000878053a4                do_ext2load
 .text.do_ext2ls
                0x00000000878053bc       0x18 cmd/built-in.o
 .text.do_fat_size
                0x00000000878053d4       0x18 cmd/built-in.o
                0x00000000878053d4                do_fat_size
 .text.do_fat_fsload
                0x00000000878053ec       0x18 cmd/built-in.o
                0x00000000878053ec                do_fat_fsload
 .text.do_fat_ls
                0x0000000087805404       0x18 cmd/built-in.o
 .text.do_fat_fsinfo
                0x000000008780541c       0x90 cmd/built-in.o
 .text.fdt_valid
                0x00000000878054ac       0xbc cmd/built-in.o
 .text.is_printable_string
                0x0000000087805568       0x9c cmd/built-in.o
 .text.print_data
                0x0000000087805604      0x174 cmd/built-in.o
 .text.set_working_fdt_addr
                0x0000000087805778       0x1c cmd/built-in.o
                0x0000000087805778                set_working_fdt_addr
 .text.do_fdt   0x0000000087805794      0xea0 cmd/built-in.o
 .text.do_flerase
                0x0000000087806634        0x8 cmd/built-in.o
 .text.do_protect
                0x000000008780663c       0x10 cmd/built-in.o
 .text.do_flinfo
                0x000000008780664c        0x8 cmd/built-in.o
 .text.do_size_wrapper
                0x0000000087806654       0x18 cmd/built-in.o
 .text.do_load_wrapper
                0x000000008780666c       0x18 cmd/built-in.o
 .text.do_save_wrapper
                0x0000000087806684       0x18 cmd/built-in.o
 .text.do_ls_wrapper
                0x000000008780669c       0x18 cmd/built-in.o
 .text.do_fstype_wrapper
                0x00000000878066b4        0x4 cmd/built-in.o
 .text.strtou32
                0x00000000878066b8       0x44 cmd/built-in.o
 .text.do_fuse  0x00000000878066fc      0x358 cmd/built-in.o
 .text.name_to_gpio
                0x0000000087806a54        0xc cmd/built-in.o
                0x0000000087806a54                name_to_gpio
 .text.do_gpio  0x0000000087806a60      0x154 cmd/built-in.o
 .text.do_i2c   0x0000000087806bb4       0x68 cmd/built-in.o
 .text.do_i2c_bus_speed
                0x0000000087806c1c       0x78 cmd/built-in.o
 .text.do_i2c_reset
                0x0000000087806c94       0x2c cmd/built-in.o
 .text.do_i2c_probe
                0x0000000087806cc0       0x9c cmd/built-in.o
 .text.do_i2c_bus_num
                0x0000000087806d5c       0xb8 cmd/built-in.o
 .text.do_i2c_show_bus
                0x0000000087806e14       0xd0 cmd/built-in.o
 .text.get_alen.constprop.5
                0x0000000087806ee4       0x3c cmd/built-in.o
 .text.do_i2c_crc
                0x0000000087806f20      0x120 cmd/built-in.o
 .text.mod_i2c_mem.isra.3
                0x0000000087807040      0x1f0 cmd/built-in.o
 .text.do_i2c_nm
                0x0000000087807230        0x8 cmd/built-in.o
 .text.do_i2c_mm
                0x0000000087807238        0x8 cmd/built-in.o
 .text.do_i2c_md
                0x0000000087807240      0x1e4 cmd/built-in.o
 .text.do_i2c_read
                0x0000000087807424       0xbc cmd/built-in.o
 .text.do_i2c_mw
                0x00000000878074e0       0xfc cmd/built-in.o
 .text.do_i2c_write
                0x00000000878075dc      0x14c cmd/built-in.o
 .text.do_i2c_loop
                0x0000000087807728       0xe4 cmd/built-in.o
 .text.i2c_init_board
                0x000000008780780c        0x4 cmd/built-in.o
                0x000000008780780c                i2c_init_board
 .text.evalexp  0x0000000087807810       0x78 cmd/built-in.o
 .text.evalstr  0x0000000087807888       0x6c cmd/built-in.o
 .text.binary_test
                0x00000000878078f4      0x1c0 cmd/built-in.o
 .text.do_itest
                0x0000000087807ab4       0x88 cmd/built-in.o
 .text.bin_data_init
                0x0000000087807b3c       0x2c cmd/built-in.o
 .text.k_data_save
                0x0000000087807b68       0x4c cmd/built-in.o
 .text.k_data_restore
                0x0000000087807bb4       0x4c cmd/built-in.o
 .text.getcxmodem
                0x0000000087807c00       0x20 cmd/built-in.o
 .text.load_serial_ymodem
                0x0000000087807c20       0xcc cmd/built-in.o
 .text.bin_data_char
                0x0000000087807cec       0x2c cmd/built-in.o
 .text.chk1.constprop.1
                0x0000000087807d18       0x2c cmd/built-in.o
 .text.s1_sendpacket.constprop.2
                0x0000000087807d44       0x50 cmd/built-in.o
 .text.load_serial
                0x0000000087807d94      0x1f0 cmd/built-in.o
 .text.do_load_serial
                0x0000000087807f84       0xdc cmd/built-in.o
 .text.do_load_serial_bin
                0x0000000087808060      0x7a8 cmd/built-in.o
 .text.do_mem_mw
                0x0000000087808808       0xc0 cmd/built-in.o
 .text.do_mem_loop
                0x00000000878088c8       0xec cmd/built-in.o
 .text.do_mem_md
                0x00000000878089b4       0xe4 cmd/built-in.o
 .text.do_mem_cmp
                0x0000000087808a98      0x168 cmd/built-in.o
 .text.do_mem_base
                0x0000000087808c00       0x40 cmd/built-in.o
 .text.do_mem_cp
                0x0000000087808c40       0xd8 cmd/built-in.o
 .text.do_mem_crc
                0x0000000087808d18       0x48 cmd/built-in.o
 .text.do_mem_mtest
                0x0000000087808d60      0x224 cmd/built-in.o
 .text.mod_mem.isra.0
                0x0000000087808f84      0x16c cmd/built-in.o
 .text.do_mem_mm
                0x00000000878090f0        0x8 cmd/built-in.o
 .text.do_mem_nm
                0x00000000878090f8        0x8 cmd/built-in.o
 .text.do_sleep
                0x0000000087809100       0x70 cmd/built-in.o
 .text.do_mmcops
                0x0000000087809170       0xb8 cmd/built-in.o
 .text.init_mmc_device
                0x0000000087809228       0x54 cmd/built-in.o
 .text.do_mmc_rescan
                0x000000008780927c       0x24 cmd/built-in.o
 .text.do_mmc_rst_func
                0x00000000878092a0       0xa0 cmd/built-in.o
 .text.do_mmc_partconf
                0x0000000087809340       0xb4 cmd/built-in.o
 .text.do_mmc_boot_resize
                0x00000000878093f4       0xcc cmd/built-in.o
 .text.do_mmc_bootbus
                0x00000000878094c0       0xb4 cmd/built-in.o
 .text.do_mmc_hwpartition
                0x0000000087809574      0x510 cmd/built-in.o
 .text.do_mmc_list
                0x0000000087809a84       0x14 cmd/built-in.o
 .text.do_mmc_dev
                0x0000000087809a98      0x134 cmd/built-in.o
 .text.do_mmc_part
                0x0000000087809bcc       0x5c cmd/built-in.o
 .text.do_mmc_erase
                0x0000000087809c28       0xe8 cmd/built-in.o
 .text.do_mmc_write
                0x0000000087809d10      0x100 cmd/built-in.o
 .text.do_mmc_read
                0x0000000087809e10       0xec cmd/built-in.o
 .text.do_mmcinfo
                0x0000000087809efc      0x370 cmd/built-in.o
 .text.do_mmc_setdsr
                0x000000008780a26c       0xb0 cmd/built-in.o
 .text.netboot_common
                0x000000008780a31c      0x294 cmd/built-in.o
 .text.do_bootp
                0x000000008780a5b0        0xc cmd/built-in.o
 .text.do_dhcp  0x000000008780a5bc        0xc cmd/built-in.o
 .text.do_nfs   0x000000008780a5c8        0xc cmd/built-in.o
 .text.do_tftpb
                0x000000008780a5d4       0x40 cmd/built-in.o
                0x000000008780a5d4                do_tftpb
 .text.do_ping  0x000000008780a614       0x78 cmd/built-in.o
 .text.bytes_per_second
                0x000000008780a68c       0x50 cmd/built-in.o
 .text.do_spi_flash
                0x000000008780a6dc      0x868 cmd/built-in.o
 .text.substitute
                0x000000008780af44       0xf0 cmd/built-in.o
 .text.get_arg  0x000000008780b034       0x58 cmd/built-in.o
 .text.regex_sub
                0x000000008780b08c      0x450 cmd/built-in.o
 .text.do_setexpr
                0x000000008780b4dc      0x1a0 cmd/built-in.o
 .text.do_false
                0x000000008780b67c        0x8 cmd/built-in.o
 .text.do_true  0x000000008780b684        0x8 cmd/built-in.o
 .text.do_test  0x000000008780b68c      0x338 cmd/built-in.o
 .text.usb_get_class_desc
                0x000000008780b9c4       0xbc cmd/built-in.o
 .text.usb_find_device
                0x000000008780ba80       0x3c cmd/built-in.o
 .text.usb_show_tree_graph
                0x000000008780babc      0x228 cmd/built-in.o
 .text.usb_display_class_sub
                0x000000008780bce4      0x170 cmd/built-in.o
 .text.usb_display_string
                0x000000008780be54       0x44 cmd/built-in.o
 .text.usb_display_config
                0x000000008780be98      0x20c cmd/built-in.o
 .text.do_usbboot
                0x000000008780c0a4        0xc cmd/built-in.o
 .text.usb_display_desc.part.1
                0x000000008780c0b0      0x12c cmd/built-in.o
 .text.do_usb_start
                0x000000008780c1dc       0x38 cmd/built-in.o
 .text.usb_show_tree
                0x000000008780c214       0x54 cmd/built-in.o
                0x000000008780c214                usb_show_tree
 .text.do_usb   0x000000008780c268      0x750 cmd/built-in.o
 .text.do_imgextract
                0x000000008780c9b8      0x290 cmd/built-in.o
 .text.do_env_delete
                0x000000008780cc48       0x9c cmd/built-in.o
 .text.do_env_exists
                0x000000008780cce4       0x64 cmd/built-in.o
 .text.do_env_save
                0x000000008780cd48       0x2c cmd/built-in.o
 .text.do_env   0x000000008780cd74       0x68 cmd/built-in.o
 .text.env_print
                0x000000008780cddc       0xc0 cmd/built-in.o
 .text.do_env_print
                0x000000008780ce9c       0xc4 cmd/built-in.o
 .text.do_env_import
                0x000000008780cf60      0x284 cmd/built-in.o
 .text.do_env_default
                0x000000008780d1e4       0xa8 cmd/built-in.o
 .text._do_env_set.isra.0
                0x000000008780d28c      0x1bc cmd/built-in.o
 .text.do_env_set
                0x000000008780d448       0x20 cmd/built-in.o
 .text.get_env_id
                0x000000008780d468       0x10 cmd/built-in.o
                0x000000008780d468                get_env_id
 .text.setenv   0x000000008780d478       0x60 cmd/built-in.o
                0x000000008780d478                setenv
 .text.setenv_ulong
                0x000000008780d4d8       0x20 cmd/built-in.o
                0x000000008780d4d8                setenv_ulong
 .text.setenv_hex
                0x000000008780d4f8       0x34 cmd/built-in.o
                0x000000008780d4f8                setenv_hex
 .text.do_env_export
                0x000000008780d52c      0x258 cmd/built-in.o
 .text.envmatch
                0x000000008780d784       0x6c cmd/built-in.o
                0x000000008780d784                envmatch
 .text.getenv_f
                0x000000008780d7f0       0xc0 cmd/built-in.o
                0x000000008780d7f0                getenv_f
 .text.getenv   0x000000008780d8b0       0x78 cmd/built-in.o
                0x000000008780d8b0                getenv
 .text.getenv_hex
                0x000000008780d928       0x3c cmd/built-in.o
                0x000000008780d928                getenv_hex
 .text.getenv_ulong
                0x000000008780d964       0x30 cmd/built-in.o
                0x000000008780d964                getenv_ulong
 .text.do_env_edit.part.2
                0x000000008780d994       0xa4 cmd/built-in.o
 .text.do_env_edit
                0x000000008780da38       0x2c cmd/built-in.o
 .text.common_diskboot
                0x000000008780da64      0x238 cmd/built-in.o
                0x000000008780da64                common_diskboot
 .text.board_init_f_alloc_reserve
                0x000000008780dc9c       0x10 common/built-in.o
                0x000000008780dc9c                board_init_f_alloc_reserve
 .text.board_init_f_init_reserve
                0x000000008780dcac       0x20 common/built-in.o
                0x000000008780dcac                board_init_f_init_reserve
 .text.show_boot_progress
                0x000000008780dccc        0x4 common/built-in.o
                0x000000008780dccc                show_boot_progress
 .text.main_loop
                0x000000008780dcd0       0x20 common/built-in.o
                0x000000008780dcd0                main_loop
 .text.dummy    0x000000008780dcf0        0x4 common/built-in.o
 .text.get_version
                0x000000008780dcf4        0x8 common/built-in.o
                0x000000008780dcf4                get_version
 .text.jumptable_init
                0x000000008780dcfc      0x1e0 common/built-in.o
                0x000000008780dcfc                jumptable_init
 .text.hash_command
                0x000000008780dedc       0xb4 common/built-in.o
                0x000000008780dedc                hash_command
 .text.b_reset  0x000000008780df90       0x1c common/built-in.o
 .text.static_get
                0x000000008780dfac       0x1c common/built-in.o
 .text.file_peek
                0x000000008780dfc8        0xc common/built-in.o
 .text.mapset   0x000000008780dfd4       0x20 common/built-in.o
 .text.syntax_err
                0x000000008780dff4        0xc common/built-in.o
 .text.free_pipe_list
                0x000000008780e000       0xf4 common/built-in.o
 .text.xmalloc  0x000000008780e0f4       0x20 common/built-in.o
 .text.new_pipe
                0x000000008780e114       0x28 common/built-in.o
 .text.xrealloc
                0x000000008780e13c       0x20 common/built-in.o
 .text.done_command
                0x000000008780e15c       0x88 common/built-in.o
 .text.done_pipe
                0x000000008780e1e4       0x48 common/built-in.o
 .text.done_word
                0x000000008780e22c      0x2e4 common/built-in.o
 .text.do_showvar
                0x000000008780e510       0xf4 common/built-in.o
 .text.is_assignment
                0x000000008780e604       0x5c common/built-in.o
 .text.file_get
                0x000000008780e660      0x1f0 common/built-in.o
 .text.b_addchr
                0x000000008780e850       0x80 common/built-in.o
 .text.b_addqchr
                0x000000008780e8d0       0x50 common/built-in.o
 .text.static_peek
                0x000000008780e920        0xc common/built-in.o
 .text.get_local_var
                0x000000008780e92c       0xa0 common/built-in.o
                0x000000008780e92c                get_local_var
 .text.set_local_var
                0x000000008780e9cc      0x1bc common/built-in.o
                0x000000008780e9cc                set_local_var
 .text.insert_var_value_sub
                0x000000008780eb88      0x2c0 common/built-in.o
 .text.parse_string_outer
                0x000000008780ee48       0xe4 common/built-in.o
                0x000000008780ee48                parse_string_outer
 .text.run_list_real
                0x000000008780ef2c      0x7b8 common/built-in.o
 .text.parse_stream_outer
                0x000000008780f6e4      0x6d0 common/built-in.o
 .text.parse_file_outer
                0x000000008780fdb4       0x44 common/built-in.o
                0x000000008780fdb4                parse_file_outer
 .text.u_boot_hush_start
                0x000000008780fdf8       0x54 common/built-in.o
                0x000000008780fdf8                u_boot_hush_start
 .text.bootdelay_process
                0x000000008780fe4c       0xd0 common/built-in.o
                0x000000008780fe4c                bootdelay_process
 .text.autoboot_command
                0x000000008780ff1c       0xd0 common/built-in.o
                0x000000008780ff1c                autoboot_command
 .text.setup_mon_len
                0x000000008780ffec       0x20 common/built-in.o
 .text.reserve_round_4k
                0x000000008781000c       0x18 common/built-in.o
 .text.reserve_mmu
                0x0000000087810024       0x38 common/built-in.o
 .text.reserve_uboot
                0x000000008781005c       0x30 common/built-in.o
 .text.reserve_malloc
                0x000000008781008c       0x18 common/built-in.o
 .text.reserve_global_data
                0x00000000878100a4       0x1c common/built-in.o
 .text.reserve_fdt
                0x00000000878100c0       0x4c common/built-in.o
 .text.initf_console_record
                0x000000008781010c        0x8 common/built-in.o
 .text.arch_cpu_init_dm
                0x0000000087810114        0x8 common/built-in.o
                0x0000000087810114                arch_cpu_init_dm
 .text.announce_dram_init
                0x000000008781011c       0x18 common/built-in.o
 .text.init_func_i2c
                0x0000000087810134       0x28 common/built-in.o
 .text.init_baud_rate
                0x000000008781015c       0x2c common/built-in.o
 .text.mark_bootstage
                0x0000000087810188       0x14 common/built-in.o
 .text.initf_dm
                0x000000008781019c        0x8 common/built-in.o
 .text.setup_reloc
                0x00000000878101a4       0x40 common/built-in.o
 .text.reloc_fdt
                0x00000000878101e4       0x44 common/built-in.o
 .text.reserve_board
                0x0000000087810228       0x40 common/built-in.o
 .text.reserve_arch
                0x0000000087810268        0x8 common/built-in.o
                0x0000000087810268                reserve_arch
 .text.display_text_info
                0x0000000087810270        0x8 common/built-in.o
 .text.reserve_trace
                0x0000000087810278        0x8 common/built-in.o
 .text.setup_machine
                0x0000000087810280        0x8 common/built-in.o
 .text.display_new_sp
                0x0000000087810288        0x8 common/built-in.o
 .text.coloured_LED_init
                0x0000000087810290        0x4 common/built-in.o
                0x0000000087810290                coloured_LED_init
 .text.red_led_on
                0x0000000087810294        0x4 common/built-in.o
                0x0000000087810294                red_led_on
 .text.board_add_ram_info
                0x0000000087810298        0x4 common/built-in.o
                0x0000000087810298                board_add_ram_info
 .text.show_dram_config
                0x000000008781029c       0x38 common/built-in.o
 .text.dram_init_banksize
                0x00000000878102d4       0x20 common/built-in.o
                0x00000000878102d4                dram_init_banksize
 .text.setup_dram_config
                0x00000000878102f4       0x10 common/built-in.o
 .text.board_get_usable_ram_top
                0x0000000087810304       0x14 common/built-in.o
                0x0000000087810304                board_get_usable_ram_top
 .text.board_reserve_ram_top
                0x0000000087810318        0x4 common/built-in.o
                0x0000000087810318                board_reserve_ram_top
 .text.setup_dest_addr
                0x000000008781031c       0x4c common/built-in.o
 .text.reserve_stacks
                0x0000000087810368       0x1c common/built-in.o
 .text.board_init_f
                0x0000000087810384       0x28 common/built-in.o
                0x0000000087810384                board_init_f
 .text.bootstage_relocate
                0x00000000878103ac        0x8 common/built-in.o
 .text.initr_reloc
                0x00000000878103b4       0x18 common/built-in.o
 .text.initr_reloc_global_data
                0x00000000878103cc       0x28 common/built-in.o
 .text.initr_announce
                0x00000000878103f4        0x8 common/built-in.o
 .text.run_main_loop
                0x00000000878103fc        0xc common/built-in.o
 .text.initr_net
                0x0000000087810408       0x1c common/built-in.o
 .text.initr_ethaddr
                0x0000000087810424       0x20 common/built-in.o
 .text.initr_enable_interrupts
                0x0000000087810444       0x10 common/built-in.o
 .text.initr_jumptable
                0x0000000087810454       0x10 common/built-in.o
 .text.initr_env
                0x0000000087810464       0x30 common/built-in.o
 .text.initr_mmc
                0x0000000087810494       0x20 common/built-in.o
 .text.initr_serial
                0x00000000878104b4       0x10 common/built-in.o
 .text.initr_bootstage
                0x00000000878104c4       0x14 common/built-in.o
 .text.initr_dm
                0x00000000878104d8       0x14 common/built-in.o
 .text.initr_malloc
                0x00000000878104ec       0x24 common/built-in.o
 .text.initr_caches
                0x0000000087810510       0x10 common/built-in.o
 .text.initr_console_record
                0x0000000087810520        0x8 common/built-in.o
 .text.initr_trace
                0x0000000087810528        0x8 common/built-in.o
 .text.initr_barrier
                0x0000000087810530        0x8 common/built-in.o
 .text.cpu_secondary_init_r
                0x0000000087810538        0x4 common/built-in.o
                0x0000000087810538                cpu_secondary_init_r
 .text.initr_secondary_cpu
                0x000000008781053c       0x10 common/built-in.o
 .text.board_init_r
                0x000000008781054c       0x14 common/built-in.o
                0x000000008781054c                board_init_r
 .text.show_board_info
                0x0000000087810560        0x4 common/built-in.o
                0x0000000087810560                show_board_info
 .text.bootm_find_images
                0x0000000087810564       0xa8 common/built-in.o
                0x0000000087810564                bootm_find_images
 .text.bootm_decomp_image
                0x000000008781060c      0x14c common/built-in.o
                0x000000008781060c                bootm_decomp_image
 .text.bootm_disable_interrupts
                0x0000000087810758       0x18 common/built-in.o
                0x0000000087810758                bootm_disable_interrupts
 .text.do_bootm_states
                0x0000000087810770      0x750 common/built-in.o
                0x0000000087810770                do_bootm_states
 .text.copy_args
                0x0000000087810ec0       0x50 common/built-in.o
 .text.do_bootm_rtems
                0x0000000087810f10       0x40 common/built-in.o
 .text.do_bootm_plan9
                0x0000000087810f50       0xa4 common/built-in.o
 .text.do_bootm_standalone
                0x0000000087810ff4       0x64 common/built-in.o
 .text.do_bootm_qnxelf
                0x0000000087811058       0x5c common/built-in.o
 .text.do_bootm_netbsd
                0x00000000878110b4       0xf8 common/built-in.o
 .text.do_bootvx_fdt
                0x00000000878111ac      0x118 common/built-in.o
                0x00000000878111ac                do_bootvx_fdt
 .text.do_bootm_vxworks
                0x00000000878112c4       0x24 common/built-in.o
 .text.boot_selected_os
                0x00000000878112e8       0x58 common/built-in.o
                0x00000000878112e8                boot_selected_os
 .text.bootm_os_get_boot_func
                0x0000000087811340       0x10 common/built-in.o
                0x0000000087811340                bootm_os_get_boot_func
 .text.regex_callback
                0x0000000087811350      0x134 common/built-in.o
 .text.env_attr_walk
                0x0000000087811484      0x128 common/built-in.o
                0x0000000087811484                env_attr_walk
 .text.env_attr_lookup
                0x00000000878115ac       0x84 common/built-in.o
                0x00000000878115ac                env_attr_lookup
 .text.clear_callback
                0x0000000087811630       0x10 common/built-in.o
 .text.find_env_callback
                0x0000000087811640       0x64 common/built-in.o
 .text.on_callbacks
                0x00000000878116a4       0x50 common/built-in.o
 .text.set_callback
                0x00000000878116f4       0x98 common/built-in.o
 .text.env_callback_init
                0x000000008781178c       0xc4 common/built-in.o
                0x000000008781178c                env_callback_init
 .text.skip_num
                0x0000000087811850       0x78 common/built-in.o
 .text.clear_flags
                0x00000000878118c8       0x10 common/built-in.o
 .text.on_flags
                0x00000000878118d8       0x50 common/built-in.o
 .text.env_flags_parse_vartype
                0x0000000087811928       0x50 common/built-in.o
                0x0000000087811928                env_flags_parse_vartype
 .text.env_flags_parse_varaccess
                0x0000000087811978       0x58 common/built-in.o
                0x0000000087811978                env_flags_parse_varaccess
 .text.set_flags
                0x00000000878119d0       0xb0 common/built-in.o
 .text.eth_validate_ethaddr_str
                0x0000000087811a80       0x94 common/built-in.o
                0x0000000087811a80                eth_validate_ethaddr_str
 .text.env_flags_init
                0x0000000087811b14       0xd8 common/built-in.o
                0x0000000087811b14                env_flags_init
 .text.env_flags_validate
                0x0000000087811bec      0x2b8 common/built-in.o
                0x0000000087811bec                env_flags_validate
 .text.mmc_get_env_addr
                0x0000000087811ea4       0x10 common/built-in.o
                0x0000000087811ea4                mmc_get_env_addr
 .text.fini_mmc_for_env.isra.0
                0x0000000087811eb4       0x1c common/built-in.o
 .text.env_init
                0x0000000087811ed0       0x1c common/built-in.o
                0x0000000087811ed0                env_init
 .text.init_mmc_for_env
                0x0000000087811eec       0x78 common/built-in.o
 .text.saveenv  0x0000000087811f64      0x114 common/built-in.o
                0x0000000087811f64                saveenv
 .text.env_relocate_spec
                0x0000000087812078       0xe0 common/built-in.o
                0x0000000087812078                env_relocate_spec
 .text.fdt_find_and_setprop
                0x0000000087812158       0x70 common/built-in.o
                0x0000000087812158                fdt_find_and_setprop
 .text.fdt_find_or_add_subnode
                0x00000000878121c8       0x60 common/built-in.o
                0x00000000878121c8                fdt_find_or_add_subnode
 .text.fdt_root
                0x0000000087812228       0x90 common/built-in.o
                0x0000000087812228                fdt_root
 .text.fdt_initrd
                0x00000000878122b8      0x1cc common/built-in.o
                0x00000000878122b8                fdt_initrd
 .text.fdt_chosen
                0x0000000087812484       0xa8 common/built-in.o
                0x0000000087812484                fdt_chosen
 .text.do_fixup_by_path
                0x000000008781252c       0x54 common/built-in.o
                0x000000008781252c                do_fixup_by_path
 .text.fdt_fixup_memory_banks
                0x0000000087812580      0x1b0 common/built-in.o
                0x0000000087812580                fdt_fixup_memory_banks
 .text.fdt_fixup_memory
                0x0000000087812730       0x20 common/built-in.o
                0x0000000087812730                fdt_fixup_memory
 .text.fdt_fixup_ethernet
                0x0000000087812750      0x174 common/built-in.o
                0x0000000087812750                fdt_fixup_ethernet
 .text.fdt_shrink_to_minimum
                0x00000000878128c4       0xcc common/built-in.o
                0x00000000878128c4                fdt_shrink_to_minimum
 .text.fdt_increase_size
                0x0000000087812990       0x14 common/built-in.o
                0x0000000087812990                fdt_increase_size
 .text.miiphy_get_dev_by_name
                0x00000000878129a4       0x60 common/built-in.o
                0x00000000878129a4                miiphy_get_dev_by_name
 .text.miiphy_init
                0x0000000087812a04       0x24 common/built-in.o
                0x0000000087812a04                miiphy_init
 .text.mdio_alloc
                0x0000000087812a28       0x30 common/built-in.o
                0x0000000087812a28                mdio_alloc
 .text.mdio_register
                0x0000000087812a58       0x94 common/built-in.o
                0x0000000087812a58                mdio_register
 .text.mdio_unregister
                0x0000000087812aec       0x3c common/built-in.o
                0x0000000087812aec                mdio_unregister
 .text.usb_set_maxpacket_ep
                0x0000000087812b28       0x70 common/built-in.o
 .text.usb_stop
                0x0000000087812b98       0x80 common/built-in.o
                0x0000000087812b98                usb_stop
 .text.usb_disable_asynch
                0x0000000087812c18       0x20 common/built-in.o
                0x0000000087812c18                usb_disable_asynch
 .text.usb_control_msg
                0x0000000087812c38       0xc0 common/built-in.o
                0x0000000087812c38                usb_control_msg
 .text.usb_get_descriptor
                0x0000000087812cf8       0x58 common/built-in.o
 .text.get_descriptor_len
                0x0000000087812d50       0x90 common/built-in.o
 .text.usb_get_string
                0x0000000087812de0       0x70 common/built-in.o
 .text.usb_string_sub
                0x0000000087812e50      0x108 common/built-in.o
 .text.usb_bulk_msg
                0x0000000087812f58       0x70 common/built-in.o
                0x0000000087812f58                usb_bulk_msg
 .text.usb_maxpacket
                0x0000000087812fc8       0x1c common/built-in.o
                0x0000000087812fc8                usb_maxpacket
 .text.usb_clear_halt
                0x0000000087812fe4       0x90 common/built-in.o
                0x0000000087812fe4                usb_clear_halt
 .text.usb_get_configuration_len
                0x0000000087813074       0x74 common/built-in.o
                0x0000000087813074                usb_get_configuration_len
 .text.usb_get_configuration_no
                0x00000000878130e8       0x34 common/built-in.o
                0x00000000878130e8                usb_get_configuration_no
 .text.usb_set_interface
                0x000000008781311c       0xb4 common/built-in.o
                0x000000008781311c                usb_set_interface
 .text.usb_string
                0x00000000878131d0      0x100 common/built-in.o
                0x00000000878131d0                usb_string
 .text.usb_get_dev_index
                0x00000000878132d0       0x24 common/built-in.o
                0x00000000878132d0                usb_get_dev_index
 .text.usb_alloc_new_device
                0x00000000878132f4       0x9c common/built-in.o
                0x00000000878132f4                usb_alloc_new_device
 .text.usb_free_device
                0x0000000087813390       0x48 common/built-in.o
                0x0000000087813390                usb_free_device
 .text.usb_alloc_device
                0x00000000878133d8        0x8 common/built-in.o
                0x00000000878133d8                usb_alloc_device
 .text.usb_select_config
                0x00000000878133e0      0x458 common/built-in.o
                0x00000000878133e0                usb_select_config
 .text.usb_setup_device
                0x0000000087813838      0x19c common/built-in.o
                0x0000000087813838                usb_setup_device
 .text.usb_new_device
                0x00000000878139d4       0x34 common/built-in.o
                0x00000000878139d4                usb_new_device
 .text.usb_init
                0x0000000087813a08      0x168 common/built-in.o
                0x0000000087813a08                usb_init
 .text.usb_device_has_child_on_port
                0x0000000087813b70       0x14 common/built-in.o
                0x0000000087813b70                usb_device_has_child_on_port
 .text.usb_find_usb2_hub_address_port
                0x0000000087813b84       0x5c common/built-in.o
                0x0000000087813b84                usb_find_usb2_hub_address_port
 .text.usb_set_port_feature
                0x0000000087813be0       0x4c common/built-in.o
 .text.usb_clear_port_feature
                0x0000000087813c2c       0x4c common/built-in.o
 .text.usb_get_hub_descriptor
                0x0000000087813c78       0x4c common/built-in.o
 .text.usb_hub_power_on
                0x0000000087813cc4       0x6c common/built-in.o
 .text.usb_hub_reset_devices
                0x0000000087813d30        0x4 common/built-in.o
                0x0000000087813d30                usb_hub_reset_devices
 .text.usb_get_port_status
                0x0000000087813d34       0x4c common/built-in.o
                0x0000000087813d34                usb_get_port_status
 .text.usb_hub_reset
                0x0000000087813d80       0x14 common/built-in.o
                0x0000000087813d80                usb_hub_reset
 .text.legacy_hub_port_reset
                0x0000000087813d94       0xa0 common/built-in.o
                0x0000000087813d94                legacy_hub_port_reset
 .text.usb_hub_port_connect_change
                0x0000000087813e34      0x16c common/built-in.o
                0x0000000087813e34                usb_hub_port_connect_change
 .text.usb_hub_configure
                0x0000000087813fa0      0x2c8 common/built-in.o
 .text.usb_hub_probe
                0x0000000087814268       0x54 common/built-in.o
                0x0000000087814268                usb_hub_probe
 .text.usb_stor_irq
                0x00000000878142bc       0x1c common/built-in.o
 .text.usb_stor_BBB_reset
                0x00000000878142d8       0xd0 common/built-in.o
 .text.usb_stor_CB_reset
                0x00000000878143a8       0xd0 common/built-in.o
 .text.usb_stor_BBB_clear_endpt_stall.isra.0
                0x0000000087814478       0x40 common/built-in.o
 .text.usb_stor_BBB_transport
                0x00000000878144b8      0x25c common/built-in.o
 .text.usb_stor_CB_comdat
                0x0000000087814714      0x204 common/built-in.o
 .text.usb_stor_CBI_get_status.isra.2
                0x0000000087814918       0xc8 common/built-in.o
 .text.usb_stor_CB_transport
                0x00000000878149e0      0x228 common/built-in.o
 .text.usb_request_sense.constprop.8
                0x0000000087814c08       0x70 common/built-in.o
 .text.usb_stor_read
                0x0000000087814c78      0x188 common/built-in.o
 .text.usb_stor_write
                0x0000000087814e00      0x188 common/built-in.o
 .text.usb_stor_get_dev
                0x0000000087814f88       0x28 common/built-in.o
                0x0000000087814f88                usb_stor_get_dev
 .text.usb_stor_info
                0x0000000087814fb0       0x74 common/built-in.o
                0x0000000087814fb0                usb_stor_info
 .text.usb_storage_probe
                0x0000000087815024      0x204 common/built-in.o
                0x0000000087815024                usb_storage_probe
 .text.usb_stor_get_info
                0x0000000087815228      0x31c common/built-in.o
                0x0000000087815228                usb_stor_get_info
 .text.usb_stor_scan
                0x0000000087815544      0x1f8 common/built-in.o
                0x0000000087815544                usb_stor_scan
 .text.splash_screen_prepare
                0x000000008781573c        0x8 common/built-in.o
                0x000000008781573c                splash_screen_prepare
 .text.splash_get_pos
                0x0000000087815744       0x88 common/built-in.o
                0x0000000087815744                splash_get_pos
 .text.env_get_char_spec
                0x00000000878157cc        0xc common/built-in.o
                0x00000000878157cc                env_get_char_spec
 .text.env_get_addr
                0x00000000878157d8       0x20 common/built-in.o
                0x00000000878157d8                env_get_addr
 .text.env_get_char_memory
                0x00000000878157f8       0x10 common/built-in.o
                0x00000000878157f8                env_get_char_memory
 .text.env_get_char
                0x0000000087815808       0x30 common/built-in.o
                0x0000000087815808                env_get_char
 .text.getenv_yesno
                0x0000000087815838       0x40 common/built-in.o
                0x0000000087815838                getenv_yesno
 .text.getenv_default
                0x0000000087815878       0x30 common/built-in.o
                0x0000000087815878                getenv_default
 .text.set_default_env
                0x00000000878158a8       0xc0 common/built-in.o
                0x00000000878158a8                set_default_env
 .text.set_default_vars
                0x0000000087815968       0x38 common/built-in.o
                0x0000000087815968                set_default_vars
 .text.env_import
                0x00000000878159a0       0xdc common/built-in.o
                0x00000000878159a0                env_import
 .text.env_export
                0x0000000087815a7c       0xa0 common/built-in.o
                0x0000000087815a7c                env_export
 .text.env_relocate
                0x0000000087815b1c       0x2c common/built-in.o
                0x0000000087815b1c                env_relocate
 .text.env_complete
                0x0000000087815b48       0xf0 common/built-in.o
                0x0000000087815b48                env_complete
 .text.console_setfile
                0x0000000087815c38       0xc0 common/built-in.o
 .text.serial_printf
                0x0000000087815cf8       0x44 common/built-in.o
                0x0000000087815cf8                serial_printf
 .text.putc     0x0000000087815d3c       0x34 common/built-in.o
                0x0000000087815d3c                putc
 .text.puts     0x0000000087815d70       0x34 common/built-in.o
                0x0000000087815d70                puts
 .text.fgetc    0x0000000087815da4       0x24 common/built-in.o
                0x0000000087815da4                fgetc
 .text.getc     0x0000000087815dc8       0x24 common/built-in.o
                0x0000000087815dc8                getc
 .text.ftstc    0x0000000087815dec       0x24 common/built-in.o
                0x0000000087815dec                ftstc
 .text.tstc     0x0000000087815e10       0x24 common/built-in.o
                0x0000000087815e10                tstc
 .text.ctrlc    0x0000000087815e34       0x58 common/built-in.o
                0x0000000087815e34                ctrlc
 .text.confirm_yesno
                0x0000000087815e8c       0xd4 common/built-in.o
                0x0000000087815e8c                confirm_yesno
 .text.had_ctrlc
                0x0000000087815f60       0x10 common/built-in.o
                0x0000000087815f60                had_ctrlc
 .text.clear_ctrlc
                0x0000000087815f70       0x14 common/built-in.o
                0x0000000087815f70                clear_ctrlc
 .text.search_device
                0x0000000087815f84       0x28 common/built-in.o
                0x0000000087815f84                search_device
 .text.console_assign
                0x0000000087815fac       0x48 common/built-in.o
                0x0000000087815fac                console_assign
 .text.on_console
                0x0000000087815ff4       0xb8 common/built-in.o
 .text.console_init_f
                0x00000000878160ac       0x10 common/built-in.o
                0x00000000878160ac                console_init_f
 .text.stdio_print_current_devices
                0x00000000878160bc       0xb0 common/built-in.o
                0x00000000878160bc                stdio_print_current_devices
 .text.console_init_r
                0x000000008781616c      0x180 common/built-in.o
                0x000000008781616c                console_init_r
 .text.sbrk     0x00000000878162ec       0x6c common/built-in.o
                0x00000000878162ec                sbrk
 .text.mem_malloc_init
                0x0000000087816358       0x34 common/built-in.o
                0x0000000087816358                mem_malloc_init
 .text.malloc_trim
                0x000000008781638c       0xcc common/built-in.o
                0x000000008781638c                malloc_trim
 .text.free     0x0000000087816458      0x24c common/built-in.o
                0x0000000087816458                free
 .text.malloc   0x00000000878166a4      0x628 common/built-in.o
                0x00000000878166a4                malloc
 .text.calloc   0x0000000087816ccc      0x144 common/built-in.o
                0x0000000087816ccc                calloc
 .text.realloc  0x0000000087816e10      0x4e0 common/built-in.o
                0x0000000087816e10                realloc
 .text.memalign
                0x00000000878172f0      0x140 common/built-in.o
                0x00000000878172f0                memalign
 .text.initf_malloc
                0x0000000087817430       0x18 common/built-in.o
                0x0000000087817430                initf_malloc
 .text.malloc_simple
                0x0000000087817448       0x30 common/built-in.o
                0x0000000087817448                malloc_simple
 .text.on_loadaddr
                0x0000000087817478       0x38 common/built-in.o
 .text.image_check_hcrc
                0x00000000878174b0       0x4c common/built-in.o
                0x00000000878174b0                image_check_hcrc
 .text.image_check_dcrc
                0x00000000878174fc       0x38 common/built-in.o
                0x00000000878174fc                image_check_dcrc
 .text.image_multi_count
                0x0000000087817534       0x1c common/built-in.o
                0x0000000087817534                image_multi_count
 .text.image_multi_getimg
                0x0000000087817550       0x80 common/built-in.o
                0x0000000087817550                image_multi_getimg
 .text.getenv_bootm_low
                0x00000000878175d0       0x30 common/built-in.o
                0x00000000878175d0                getenv_bootm_low
 .text.getenv_bootm_size
                0x0000000087817600       0x68 common/built-in.o
                0x0000000087817600                getenv_bootm_size
 .text.getenv_bootm_mapsize
                0x0000000087817668       0x30 common/built-in.o
                0x0000000087817668                getenv_bootm_mapsize
 .text.memmove_wd
                0x0000000087817698        0xc common/built-in.o
                0x0000000087817698                memmove_wd
 .text.genimg_print_size
                0x00000000878176a4       0x30 common/built-in.o
                0x00000000878176a4                genimg_print_size
 .text.get_table_entry
                0x00000000878176d4       0x24 common/built-in.o
                0x00000000878176d4                get_table_entry
 .text.get_table_entry_name
                0x00000000878176f8       0x20 common/built-in.o
                0x00000000878176f8                get_table_entry_name
 .text.genimg_get_os_name
                0x0000000087817718       0x18 common/built-in.o
                0x0000000087817718                genimg_get_os_name
 .text.genimg_get_arch_name
                0x0000000087817730       0x18 common/built-in.o
                0x0000000087817730                genimg_get_arch_name
 .text.genimg_get_type_name
                0x0000000087817748       0x18 common/built-in.o
                0x0000000087817748                genimg_get_type_name
 .text.genimg_get_comp_name
                0x0000000087817760       0x18 common/built-in.o
                0x0000000087817760                genimg_get_comp_name
 .text.image_print_contents
                0x0000000087817778      0x178 common/built-in.o
                0x0000000087817778                image_print_contents
 .text.genimg_get_kernel_addr_fit
                0x00000000878178f0       0x24 common/built-in.o
                0x00000000878178f0                genimg_get_kernel_addr_fit
 .text.genimg_get_format
                0x0000000087817914       0x34 common/built-in.o
                0x0000000087817914                genimg_get_format
 .text.genimg_get_image
                0x0000000087817948        0x4 common/built-in.o
                0x0000000087817948                genimg_get_image
 .text.genimg_has_config
                0x000000008781794c        0x8 common/built-in.o
                0x000000008781794c                genimg_has_config
 .text.boot_get_ramdisk
                0x0000000087817954      0x274 common/built-in.o
                0x0000000087817954                boot_get_ramdisk
 .text.boot_ramdisk_high
                0x0000000087817bc8      0x138 common/built-in.o
                0x0000000087817bc8                boot_ramdisk_high
 .text.boot_get_setup
                0x0000000087817d00        0x8 common/built-in.o
                0x0000000087817d00                boot_get_setup
 .text.image_setup_linux
                0x0000000087817d08       0x8c common/built-in.o
                0x0000000087817d08                image_setup_linux
 .text.fdt_error
                0x0000000087817d94       0x2c common/built-in.o
 .text.boot_fdt_add_mem_rsv_regions
                0x0000000087817dc0       0x88 common/built-in.o
                0x0000000087817dc0                boot_fdt_add_mem_rsv_regions
 .text.boot_relocate_fdt
                0x0000000087817e48      0x198 common/built-in.o
                0x0000000087817e48                boot_relocate_fdt
 .text.boot_get_fdt
                0x0000000087817fe0      0x2ac common/built-in.o
                0x0000000087817fe0                boot_get_fdt
 .text.ft_verify_fdt
                0x000000008781828c        0x8 common/built-in.o
                0x000000008781828c                ft_verify_fdt
 .text.image_setup_libfdt
                0x0000000087818294      0x12c common/built-in.o
                0x0000000087818294                image_setup_libfdt
 .text.get_effective_memsize
                0x00000000878183c0        0x8 common/built-in.o
                0x00000000878183c0                get_effective_memsize
 .text.nulldev_putc
                0x00000000878183c8        0x4 common/built-in.o
 .text.nulldev_puts
                0x00000000878183cc        0x4 common/built-in.o
 .text.nulldev_input
                0x00000000878183d0        0x8 common/built-in.o
 .text.stdio_serial_tstc
                0x00000000878183d8        0x4 common/built-in.o
 .text.stdio_serial_getc
                0x00000000878183dc        0x4 common/built-in.o
 .text.stdio_serial_puts
                0x00000000878183e0        0x8 common/built-in.o
 .text.stdio_serial_putc
                0x00000000878183e8        0x8 common/built-in.o
 .text.stdio_get_list
                0x00000000878183f0        0xc common/built-in.o
                0x00000000878183f0                stdio_get_list
 .text.stdio_get_by_name
                0x00000000878183fc       0x5c common/built-in.o
                0x00000000878183fc                stdio_get_by_name
 .text.stdio_clone
                0x0000000087818458       0x38 common/built-in.o
                0x0000000087818458                stdio_clone
 .text.stdio_register_dev
                0x0000000087818490       0x50 common/built-in.o
                0x0000000087818490                stdio_register_dev
 .text.stdio_register
                0x00000000878184e0        0x8 common/built-in.o
                0x00000000878184e0                stdio_register
 .text.stdio_init_tables
                0x00000000878184e8       0x1c common/built-in.o
                0x00000000878184e8                stdio_init_tables
 .text.stdio_add_devices
                0x0000000087818504       0xd4 common/built-in.o
                0x0000000087818504                stdio_add_devices
 .text.run_command
                0x00000000878185d8       0x10 common/built-in.o
                0x00000000878185d8                run_command
 .text.run_command_list
                0x00000000878185e8       0x7c common/built-in.o
                0x00000000878185e8                run_command_list
 .text.do_run   0x0000000087818664       0x78 common/built-in.o
                0x0000000087818664                do_run
 .text.cli_loop
                0x00000000878186dc        0xc common/built-in.o
                0x00000000878186dc                cli_loop
 .text.cli_init
                0x00000000878186e8        0x4 common/built-in.o
                0x00000000878186e8                cli_init
 .text.delete_char.part.0
                0x00000000878186ec       0xd0 common/built-in.o
 .text.cread_add_char
                0x00000000878187bc       0xe8 common/built-in.o
 .text.cli_readline_into_buffer
                0x00000000878188a4      0x9c0 common/built-in.o
                0x00000000878188a4                cli_readline_into_buffer
 .text.cli_readline
                0x0000000087819264       0x14 common/built-in.o
                0x0000000087819264                cli_readline
 .text.find_cmd_tbl
                0x0000000087819278       0xa4 common/built-in.o
                0x0000000087819278                find_cmd_tbl
 .text.find_cmd
                0x000000008781931c       0x28 common/built-in.o
                0x000000008781931c                find_cmd
 .text.cmd_usage
                0x0000000087819344       0x5c common/built-in.o
                0x0000000087819344                cmd_usage
 .text._do_help
                0x00000000878193a0      0x178 common/built-in.o
                0x00000000878193a0                _do_help
 .text.var_complete
                0x0000000087819518       0x84 common/built-in.o
                0x0000000087819518                var_complete
 .text.cmd_auto_complete
                0x000000008781959c      0x4b4 common/built-in.o
                0x000000008781959c                cmd_auto_complete
 .text.cmd_get_data_size
                0x0000000087819a50       0x5c common/built-in.o
                0x0000000087819a50                cmd_get_data_size
 .text.cmd_process
                0x0000000087819aac       0xec common/built-in.o
                0x0000000087819aac                cmd_process
 .text.cmd_process_error
                0x0000000087819b98       0x30 common/built-in.o
                0x0000000087819b98                cmd_process_error
 .text.hex1_bin
                0x0000000087819bc8       0x40 common/built-in.o
 .text.hex2_bin
                0x0000000087819c08       0x38 common/built-in.o
 .text.srec_decode
                0x0000000087819c40      0x254 common/built-in.o
                0x0000000087819c40                srec_decode
 .text.CYGACC_COMM_IF_GETC_TIMEOUT.isra.0
                0x0000000087819e94       0x5c common/built-in.o
 .text.xyzModem_flush
                0x0000000087819ef0       0x1c common/built-in.o
 .text.xyzModem_get_hdr
                0x0000000087819f0c      0x230 common/built-in.o
 .text.xyzModem_stream_open
                0x000000008781a13c      0x224 common/built-in.o
                0x000000008781a13c                xyzModem_stream_open
 .text.xyzModem_stream_read
                0x000000008781a360      0x254 common/built-in.o
                0x000000008781a360                xyzModem_stream_read
 .text.xyzModem_stream_close
                0x000000008781a5b4       0x54 common/built-in.o
                0x000000008781a5b4                xyzModem_stream_close
 .text.xyzModem_stream_terminate
                0x000000008781a608       0x94 common/built-in.o
                0x000000008781a608                xyzModem_stream_terminate
 .text.xyzModem_error
                0x000000008781a69c       0x20 common/built-in.o
                0x000000008781a69c                xyzModem_error
 .text.get_dev_hwpart
                0x000000008781a6bc       0xa8 disk/built-in.o
 .text.dev_print
                0x000000008781a764      0x20c disk/built-in.o
                0x000000008781a764                dev_print
 .text.init_part
                0x000000008781a970       0x20 disk/built-in.o
                0x000000008781a970                init_part
 .text.print_part
                0x000000008781a990       0xf4 disk/built-in.o
                0x000000008781a990                print_part
 .text.get_partition_info
                0x000000008781aa84       0x2c disk/built-in.o
                0x000000008781aa84                get_partition_info
 .text.get_device
                0x000000008781aab0      0x128 disk/built-in.o
                0x000000008781aab0                get_device
 .text.get_device_and_partition
                0x000000008781abd8      0x3f8 disk/built-in.o
                0x000000008781abd8                get_device_and_partition
 .text.test_block_type
                0x000000008781afd0       0x84 disk/built-in.o
 .text.print_partition_extended
                0x000000008781b054      0x274 disk/built-in.o
 .text.get_partition_info_extended.constprop.1
                0x000000008781b2c8      0x2fc disk/built-in.o
 .text.test_part_dos
                0x000000008781b5c4       0x60 disk/built-in.o
                0x000000008781b5c4                test_part_dos
 .text.print_part_dos
                0x000000008781b624       0x34 disk/built-in.o
                0x000000008781b624                print_part_dos
 .text.get_partition_info_dos
                0x000000008781b658       0x20 disk/built-in.o
                0x000000008781b658                get_partition_info_dos
 .text.alloc_priv
                0x000000008781b678       0x48 drivers/built-in.o
 .text.device_bind
                0x000000008781b6c0      0x304 drivers/built-in.o
                0x000000008781b6c0                device_bind
 .text.device_bind_by_name
                0x000000008781b9c4       0x60 drivers/built-in.o
                0x000000008781b9c4                device_bind_by_name
 .text.device_probe
                0x000000008781ba24      0x234 drivers/built-in.o
                0x000000008781ba24                device_probe
 .text.dev_get_platdata
                0x000000008781bc58       0x34 drivers/built-in.o
                0x000000008781bc58                dev_get_platdata
 .text.dev_get_priv
                0x000000008781bc8c       0x34 drivers/built-in.o
                0x000000008781bc8c                dev_get_priv
 .text.lists_driver_lookup_name
                0x000000008781bcc0       0x4c drivers/built-in.o
                0x000000008781bcc0                lists_driver_lookup_name
 .text.lists_uclass_lookup
                0x000000008781bd0c       0x3c drivers/built-in.o
                0x000000008781bd0c                lists_uclass_lookup
 .text.lists_bind_drivers
                0x000000008781bd48       0x88 drivers/built-in.o
                0x000000008781bd48                lists_bind_drivers
 .text.dm_root  0x000000008781bdd0       0x2c drivers/built-in.o
                0x000000008781bdd0                dm_root
 .text.dm_init  0x000000008781bdfc       0x58 drivers/built-in.o
                0x000000008781bdfc                dm_init
 .text.dm_scan_platdata
                0x000000008781be54       0x2c drivers/built-in.o
                0x000000008781be54                dm_scan_platdata
 .text.dm_scan_other
                0x000000008781be80        0x8 drivers/built-in.o
                0x000000008781be80                dm_scan_other
 .text.dm_init_and_scan
                0x000000008781be88       0x30 drivers/built-in.o
                0x000000008781be88                dm_init_and_scan
 .text.uclass_find
                0x000000008781beb8       0x4c drivers/built-in.o
                0x000000008781beb8                uclass_find
 .text.uclass_get
                0x000000008781bf04      0x124 drivers/built-in.o
                0x000000008781bf04                uclass_get
 .text.uclass_find_device
                0x000000008781c028       0x74 drivers/built-in.o
                0x000000008781c028                uclass_find_device
 .text.uclass_find_device_by_seq
                0x000000008781c09c       0x7c drivers/built-in.o
                0x000000008781c09c                uclass_find_device_by_seq
 .text.uclass_get_device_tail
                0x000000008781c118       0x2c drivers/built-in.o
                0x000000008781c118                uclass_get_device_tail
 .text.uclass_get_device
                0x000000008781c144       0x30 drivers/built-in.o
                0x000000008781c144                uclass_get_device
 .text.uclass_bind_device
                0x000000008781c174       0x7c drivers/built-in.o
                0x000000008781c174                uclass_bind_device
 .text.uclass_unbind_device
                0x000000008781c1f0       0x4c drivers/built-in.o
                0x000000008781c1f0                uclass_unbind_device
 .text.uclass_resolve_seq
                0x000000008781c23c       0xb0 drivers/built-in.o
                0x000000008781c23c                uclass_resolve_seq
 .text.uclass_pre_probe_device
                0x000000008781c2ec       0x64 drivers/built-in.o
                0x000000008781c2ec                uclass_pre_probe_device
 .text.uclass_post_probe_device
                0x000000008781c350       0x20 drivers/built-in.o
                0x000000008781c350                uclass_post_probe_device
 .text.uclass_pre_remove_device
                0x000000008781c370       0x20 drivers/built-in.o
                0x000000008781c370                uclass_pre_remove_device
 .text.dm_warn  0x000000008781c390       0x28 drivers/built-in.o
                0x000000008781c390                dm_warn
 .text.device_free
                0x000000008781c3b8       0x90 drivers/built-in.o
                0x000000008781c3b8                device_free
 .text.device_remove
                0x000000008781c448      0x138 drivers/built-in.o
                0x000000008781c448                device_remove
 .text.show_devices
                0x000000008781c580       0xfc drivers/built-in.o
 .text.dm_dump_all
                0x000000008781c67c       0x3c drivers/built-in.o
                0x000000008781c67c                dm_dump_all
 .text.dm_dump_uclass
                0x000000008781c6b8       0xdc drivers/built-in.o
                0x000000008781c6b8                dm_dump_uclass
 .text.finish_access
                0x000000008781c794       0x2c drivers/built-in.o
 .text.setup_direct_access
                0x000000008781c7c0      0x118 drivers/built-in.o
 .text.prepare_access
                0x000000008781c8d8       0xc4 drivers/built-in.o
 .text.fuse_bank_physical
                0x000000008781c99c       0xb0 drivers/built-in.o
                0x000000008781c99c                fuse_bank_physical
 .text.fuse_word_physical
                0x000000008781ca4c       0x28 drivers/built-in.o
                0x000000008781ca4c                fuse_word_physical
 .text.fuse_read
                0x000000008781ca74       0x80 drivers/built-in.o
                0x000000008781ca74                fuse_read
 .text.fuse_sense
                0x000000008781caf4       0x94 drivers/built-in.o
                0x000000008781caf4                fuse_sense
 .text.fuse_prog
                0x000000008781cb88       0x88 drivers/built-in.o
                0x000000008781cb88                fuse_prog
 .text.fuse_override
                0x000000008781cc10       0x78 drivers/built-in.o
                0x000000008781cc10                fuse_override
 .text.video_drawchars
                0x000000008781cc88      0x44c drivers/built-in.o
 .text.video_invertchar
                0x000000008781d0d4       0x74 drivers/built-in.o
 .text.draw_bitmap
                0x000000008781d148       0xdc drivers/built-in.o
 .text.video_putc.part.1
                0x000000008781d224       0x28 drivers/built-in.o
 .text.console_newline.constprop.3
                0x000000008781d24c       0xe0 drivers/built-in.o
 .text.board_cfb_skip
                0x000000008781d32c        0x8 drivers/built-in.o
                0x000000008781d32c                board_cfb_skip
 .text.console_cursor
                0x000000008781d334       0xa8 drivers/built-in.o
                0x000000008781d334                console_cursor
 .text.video_putc
                0x000000008781d3dc      0x1a4 drivers/built-in.o
 .text.video_puts
                0x000000008781d580       0x7c drivers/built-in.o
 .text.video_set_lut
                0x000000008781d5fc        0x4 drivers/built-in.o
                0x000000008781d5fc                video_set_lut
 .text.display_rle8_bitmap
                0x000000008781d600      0x374 drivers/built-in.o
 .text.plot_logo_or_black
                0x000000008781d974      0x284 drivers/built-in.o
 .text.do_clrlogo
                0x000000008781dbf8       0x44 drivers/built-in.o
 .text.video_display_bitmap
                0x000000008781dc3c      0x934 drivers/built-in.o
                0x000000008781dc3c                video_display_bitmap
 .text.video_clear
                0x000000008781e570       0x54 drivers/built-in.o
                0x000000008781e570                video_clear
 .text.drv_video_init
                0x000000008781e5c4      0x424 drivers/built-in.o
                0x000000008781e5c4                drv_video_init
 .text.mxsfb_system_setup
                0x000000008781e9e8        0x4 drivers/built-in.o
                0x000000008781e9e8                mxsfb_system_setup
 .text.mxs_lcd_panel_setup
                0x000000008781e9ec       0x78 drivers/built-in.o
                0x000000008781e9ec                mxs_lcd_panel_setup
 .text.lcdif_power_down
                0x000000008781ea64       0x6c drivers/built-in.o
                0x000000008781ea64                lcdif_power_down
 .text.video_hw_init
                0x000000008781ead0      0x394 drivers/built-in.o
                0x000000008781ead0                video_hw_init
 .text.video_get_param_len.constprop.1
                0x000000008781ee64       0x20 drivers/built-in.o
 .text.video_get_params
                0x000000008781ee84      0x4d8 drivers/built-in.o
                0x000000008781ee84                video_get_params
 .text.reset_cpu
                0x000000008781f35c       0x48 drivers/built-in.o
                0x000000008781f35c                reset_cpu
 .text.thermal_get_temp
                0x000000008781f3a4       0x20 drivers/built-in.o
                0x000000008781f3a4                thermal_get_temp
 *fill*         0x000000008781f3c4        0x4 
 .text.read_cpu_temperature
                0x000000008781f3c8      0x14c drivers/built-in.o
 .text.imx_thermal_get_temp
                0x000000008781f514       0x64 drivers/built-in.o
                0x000000008781f514                imx_thermal_get_temp
 .text.imx_thermal_probe
                0x000000008781f578       0xc8 drivers/built-in.o
 .text.gpio_set_value
                0x000000008781f640       0x44 drivers/gpio/built-in.o
                0x000000008781f640                gpio_set_value
 .text.gpio_get_value
                0x000000008781f684       0x34 drivers/gpio/built-in.o
                0x000000008781f684                gpio_get_value
 .text.gpio_request
                0x000000008781f6b8       0x10 drivers/gpio/built-in.o
                0x000000008781f6b8                gpio_request
 .text.gpio_free
                0x000000008781f6c8        0x8 drivers/gpio/built-in.o
                0x000000008781f6c8                gpio_free
 .text.gpio_direction_input
                0x000000008781f6d0       0x3c drivers/gpio/built-in.o
                0x000000008781f6d0                gpio_direction_input
 .text.gpio_direction_output
                0x000000008781f70c       0x50 drivers/gpio/built-in.o
                0x000000008781f70c                gpio_direction_output
 .text.i2c_get_adapter
                0x000000008781f75c       0x64 drivers/i2c/built-in.o
                0x000000008781f75c                i2c_get_adapter
 .text.i2c_init_bus
                0x000000008781f7c0       0x90 drivers/i2c/built-in.o
 .text.i2c_get_bus_num
                0x000000008781f850        0x8 drivers/i2c/built-in.o
                0x000000008781f850                i2c_get_bus_num
 .text.i2c_set_bus_num
                0x000000008781f858       0xb8 drivers/i2c/built-in.o
                0x000000008781f858                i2c_set_bus_num
 .text.i2c_init_all
                0x000000008781f910       0x14 drivers/i2c/built-in.o
                0x000000008781f910                i2c_init_all
 .text.i2c_probe
                0x000000008781f924       0x2c drivers/i2c/built-in.o
                0x000000008781f924                i2c_probe
 .text.i2c_read
                0x000000008781f950       0x4c drivers/i2c/built-in.o
                0x000000008781f950                i2c_read
 .text.i2c_write
                0x000000008781f99c       0x4c drivers/i2c/built-in.o
                0x000000008781f99c                i2c_write
 .text.i2c_set_bus_speed
                0x000000008781f9e8       0x64 drivers/i2c/built-in.o
                0x000000008781f9e8                i2c_set_bus_speed
 .text.i2c_get_bus_speed
                0x000000008781fa4c       0x14 drivers/i2c/built-in.o
                0x000000008781fa4c                i2c_get_bus_speed
 .text.i2c_init
                0x000000008781fa60       0x14 drivers/i2c/built-in.o
                0x000000008781fa60                i2c_init
 .text.wait_for_sr_state
                0x000000008781fa74      0x100 drivers/i2c/built-in.o
 .text.tx_byte  0x000000008781fb74       0x50 drivers/i2c/built-in.o
 .text.bus_i2c_set_bus_speed
                0x000000008781fbc4       0xb4 drivers/i2c/built-in.o
 .text.mxc_i2c_set_bus_speed
                0x000000008781fc78       0x18 drivers/i2c/built-in.o
 .text.i2c_imx_stop
                0x000000008781fc90       0x50 drivers/i2c/built-in.o
 .text.__i2c_force_reset_slave
                0x000000008781fce0        0x4 drivers/i2c/built-in.o
                0x000000008781fce0                __i2c_force_reset_slave
                0x000000008781fce0                i2c_force_reset_slave
 .text.i2c_idle_bus
                0x000000008781fce4       0x24 drivers/i2c/built-in.o
                0x000000008781fce4                i2c_idle_bus
 .text.i2c_init_transfer
                0x000000008781fd08      0x230 drivers/i2c/built-in.o
 .text.mxc_i2c_probe
                0x000000008781ff38       0x40 drivers/i2c/built-in.o
 .text.mxc_i2c_read
                0x000000008781ff78      0x184 drivers/i2c/built-in.o
 .text.mxc_i2c_write
                0x00000000878200fc       0x6c drivers/i2c/built-in.o
 .text.bus_i2c_init
                0x0000000087820168       0x90 drivers/i2c/built-in.o
                0x0000000087820168                bus_i2c_init
 .text.mxc_i2c_init
                0x00000000878201f8       0x1c drivers/i2c/built-in.o
 .text.esdhc_getcd
                0x0000000087820214       0x40 drivers/mmc/built-in.o
 .text.esdhc_set_ios
                0x0000000087820254      0x124 drivers/mmc/built-in.o
 .text.esdhc_init
                0x0000000087820378       0xa8 drivers/mmc/built-in.o
 .text.check_and_invalidate_dcache_range.isra.0
                0x0000000087820420       0x30 drivers/mmc/built-in.o
 .text.esdhc_send_cmd
                0x0000000087820450      0x3e8 drivers/mmc/built-in.o
 .text.fsl_esdhc_initialize
                0x0000000087820838      0x188 drivers/mmc/built-in.o
                0x0000000087820838                fsl_esdhc_initialize
 .text.fsl_esdhc_mmc_init
                0x00000000878209c0       0x38 drivers/mmc/built-in.o
                0x00000000878209c0                fsl_esdhc_mmc_init
 .text.mmc_set_ios